[20:53:23 275] === Logger started ===
[20:53:23 276] graph filter[0]: name='in', filter='buffer'
[20:53:23 276] graph filter[1]: name='out', filter='buffersink'
[20:53:23 276] VideoFilter thread started
[20:53:23 438] 100,  receive frame: 66064: 117 1920x1080
[20:53:23 438] 100, push frame: 66064: 117 1920x1080
[20:53:23 584] 200,  receive frame: 132800: 117 1920x1080
[20:53:23 584] 200, push frame: 132800: 117 1920x1080
[20:53:23 712] 300,  receive frame: 199536: 117 1920x1080
[20:53:23 712] 300, push frame: 199536: 117 1920x1080
[20:53:23 830] 400,  receive frame: 266272: 117 1920x1080
[20:53:23 830] 400, push frame: 266272: 117 1920x1080
[20:53:23 950] 500,  receive frame: 332992: 117 1920x1080
[20:53:23 950] 500, push frame: 332992: 117 1920x1080
[20:53:24 066] 600,  receive frame: 399728: 117 1920x1080
[20:53:24 066] 600, push frame: 399728: 117 1920x1080
[20:53:24 185] 700,  receive frame: 466464: 117 1920x1080
[20:53:24 185] 700, push frame: 466464: 117 1920x1080
[20:53:24 305] 800,  receive frame: 533200: 117 1920x1080
[20:53:24 305] 800, push frame: 533200: 117 1920x1080
[20:53:24 424] 900,  receive frame: 599936: 117 1920x1080
[20:53:24 424] 900, push frame: 599936: 117 1920x1080
[20:53:24 544] 1000,  receive frame: 666672: 117 1920x1080
[20:53:24 544] 1000, push frame: 666672: 117 1920x1080
[20:53:24 664] 1100,  receive frame: 733392: 117 1920x1080
[20:53:24 664] 1100, push frame: 733392: 117 1920x1080
[20:53:24 781] 1200,  receive frame: 800128: 117 1920x1080
[20:53:24 781] 1200, push frame: 800128: 117 1920x1080
[20:53:24 902] 1300,  receive frame: 866864: 117 1920x1080
[20:53:24 902] 1300, push frame: 866864: 117 1920x1080
[20:53:25 023] 1400,  receive frame: 933600: 117 1920x1080
[20:53:25 023] 1400, push frame: 933600: 117 1920x1080
[20:53:25 148] 1500,  receive frame: 1000336: 117 1920x1080
[20:53:25 148] 1500, push frame: 1000336: 117 1920x1080
[20:53:25 282] 1600,  receive frame: 1067072: 117 1920x1080
[20:53:25 282] 1600, push frame: 1067072: 117 1920x1080
[20:53:25 407] 1700,  receive frame: 1133792: 117 1920x1080
[20:53:25 407] 1700, push frame: 1133792: 117 1920x1080
[20:53:25 517] VideoFilter thread exiting, total: 1793
[20:53:28 238] Starting stop.
[20:53:28 254] === Logger stopped ===
